nohup: ignoring input
During startup - Warning messages:
1: Setting LC_CTYPE failed, using "C" 
2: Setting LC_COLLATE failed, using "C" 
3: Setting LC_TIME failed, using "C" 
4: Setting LC_MESSAGES failed, using "C" 
5: Setting LC_MONETARY failed, using "C" 
6: Setting LC_PAPER failed, using "C" 
7: Setting LC_MEASUREMENT failed, using "C" 
Run mode: full | seed: 20260732 | CVaR simulations/step: 10000 | vine simulation cores: 32
Loading required package: zoo

Attaching package: 'zoo'

The following objects are masked from 'package:base':

    as.Date, as.Date.numeric

RLEnvironment (full framework) loaded.
Real vine sequence length: 139
Building static vine for pre-training...
Error in initialize(...) : object 'd' not found
Calls: <Anonymous> -> initialize
Execution halted
