nohup: ignoring input
During startup - Warning messages:
1: Setting LC_CTYPE failed, using "C" 
2: Setting LC_COLLATE failed, using "C" 
3: Setting LC_TIME failed, using "C" 
4: Setting LC_MESSAGES failed, using "C" 
5: Setting LC_MONETARY failed, using "C" 
6: Setting LC_PAPER failed, using "C" 
7: Setting LC_MEASUREMENT failed, using "C" 
Run mode: full | seed: 20260741 | CVaR simulations/step: 10000 | vine simulation cores: 32
Loading required package: zoo

Attaching package: 'zoo'

The following objects are masked from 'package:base':

    as.Date, as.Date.numeric

RLEnvironment (full framework) loaded.
Real vine sequence length: 139
Building static vine for pre-training...
Gym has been unmaintained since 2022 and does not support NumPy 2.0 amongst other critical functionality.
Please upgrade to Gymnasium, the maintained drop-in replacement of Gym, or contact the authors of your software and request that they upgrade.
Users of this version of Gym should be able to simply replace 'import gym' with 'import gymnasium as gym' in the vast majority of cases.
See the migration guide at https://gymnasium.farama.org/introduction/migration_guide/ for additional information.
Run seed: 20260741
Run mode: full
PyTorch: 2.10.0+cu128
Device: cuda
GPU: NVIDIA A100-SXM4-80GB
PYTHON: Framework ready.

============================================================
Stage 1: Pre-training on Synthetic Data

============================================================
============================================================
STAGE 1: PRE-TRAINING
============================================================
============================================================
TRAIN STAGE STARTED: episodes=500, batch_size=128
============================================================
Episode 1  Reward:    -0.09
Episode 2  Reward:    -0.06
Episode 3  Reward:    -0.06
Episode 4  Reward:    -0.07
Episode 5  Reward:    -0.14
Episode 6  Reward:    -0.04
Episode 7  Reward:    -0.03
Episode 8  Reward:    -0.13
Episode 9  Reward:    -0.04
Episode 10  Reward:    -0.15
Episode     10  AvgReward:    -0.08  Noise: 0.0496
Episode 11  Reward:    -0.07
Episode 12  Reward:    -0.14
Episode 13  Reward:    -0.10
Episode 14  Reward:    -0.08
Episode 15  Reward:    -0.14
Episode 16  Reward:    -0.09
Episode 17  Reward:    -0.09
Episode 18  Reward:    -0.10
Episode 19  Reward:    -0.16
Episode 20  Reward:    -0.06
Episode     20  AvgReward:    -0.10  Noise: 0.0491
Episode 21  Reward:    -0.14
Episode 22  Reward:    -0.11
Episode 23  Reward:    -0.04
Episode 24  Reward:    -0.18
Episode 25  Reward:    -0.23
Episode 26  Reward:    -0.00
Episode 27  Reward:    -0.12
Episode 28  Reward:    -0.10
Episode 29  Reward:    -0.12
Episode 30  Reward:    -0.04
Episode     30  AvgReward:    -0.11  Noise: 0.0486
Episode 31  Reward:    -0.07
Episode 32  Reward:    -0.11
Episode 33  Reward:    -0.18
Episode 34  Reward:    -0.13
Episode 35  Reward:    -0.19
Episode 36  Reward:    -0.10
Episode 37  Reward:    -0.06
Episode 38  Reward:    -0.14
Episode 39  Reward:    -0.18
Episode 40  Reward:     0.01
Episode     40  AvgReward:    -0.11  Noise: 0.0481
Episode 41  Reward:    -0.01
Episode 42  Reward:    -0.20
Episode 43  Reward:    -0.08
Episode 44  Reward:    -0.06
Episode 45  Reward:    -0.16
Episode 46  Reward:    -0.05
Episode 47  Reward:    -0.04
Episode 48  Reward:    -0.13
Episode 49  Reward:     0.02
Episode 50  Reward:    -0.04
Episode     50  AvgReward:    -0.07  Noise: 0.0476
Episode 51  Reward:    -0.11
Episode 52  Reward:     0.04
Episode 53  Reward:    -0.09
Episode 54  Reward:    -0.04
Episode 55  Reward:    -0.12
Episode 56  Reward:    -0.01
Episode 57  Reward:    -0.09
Episode 58  Reward:    -0.08
Episode 59  Reward:    -0.09
Episode 60  Reward:    -0.06
Episode     60  AvgReward:    -0.07  Noise: 0.0471
Episode 61  Reward:    -0.06
Episode 62  Reward:    -0.08
Episode 63  Reward:    -0.05
Episode 64  Reward:    -0.08
Episode 65  Reward:     0.02
Episode 66  Reward:    -0.17
Episode 67  Reward:    -0.07
Episode 68  Reward:    -0.05
Episode 69  Reward:    -0.13
Episode 70  Reward:    -0.04
Episode     70  AvgReward:    -0.07  Noise: 0.0467
Episode 71  Reward:    -0.20
Episode 72  Reward:    -0.15
Episode 73  Reward:    -0.07
Episode 74  Reward:    -0.09
Episode 75  Reward:    -0.02
Episode 76  Reward:    -0.03
Episode 77  Reward:    -0.03
Episode 78  Reward:    -0.11
Episode 79  Reward:    -0.08
Episode 80  Reward:    -0.15
Episode     80  AvgReward:    -0.10  Noise: 0.0462
Episode 81  Reward:    -0.06
Episode 82  Reward:    -0.04
Episode 83  Reward:    -0.21
Episode 84  Reward:    -0.01
Episode 85  Reward:    -0.02
Episode 86  Reward:    -0.07
Episode 87  Reward:    -0.07
Episode 88  Reward:    -0.09
Episode 89  Reward:    -0.11
Episode 90  Reward:    -0.11
Episode     90  AvgReward:    -0.08  Noise: 0.0457
Episode 91  Reward:    -0.13
Episode 92  Reward:    -0.06
Episode 93  Reward:    -0.11
Episode 94  Reward:    -0.10
Episode 95  Reward:    -0.10
Episode 96  Reward:    -0.15
Episode 97  Reward:    -0.08
Episode 98  Reward:    -0.11
Episode 99  Reward:    -0.13
Episode 100  Reward:    -0.12
Episode    100  AvgReward:    -0.11  Noise: 0.0453
Episode 101  Reward:    -0.19
Episode 102  Reward:    -0.08
Episode 103  Reward:    -0.05
Episode 104  Reward:    -0.04
Episode 105  Reward:    -0.09
Episode 106  Reward:    -0.09
Episode 107  Reward:    -0.11
Episode 108  Reward:    -0.08
Episode 109  Reward:    -0.04
Episode 110  Reward:    -0.07
Episode    110  AvgReward:    -0.09  Noise: 0.0448
Episode 111  Reward:    -0.03
Episode 112  Reward:    -0.13
Episode 113  Reward:     0.04
Episode 114  Reward:    -0.17
Episode 115  Reward:    -0.09
Episode 116  Reward:    -0.06
Episode 117  Reward:    -0.19
Episode 118  Reward:    -0.07
Episode 119  Reward:    -0.12
Episode 120  Reward:    -0.10
Episode    120  AvgReward:    -0.09  Noise: 0.0444
Episode 121  Reward:    -0.10
Episode 122  Reward:    -0.20
Episode 123  Reward:    -0.04
Episode 124  Reward:    -0.16
Episode 125  Reward:    -0.10
Episode 126  Reward:    -0.06
Episode 127  Reward:    -0.09
Episode 128  Reward:    -0.01
Episode 129  Reward:    -0.03
Episode 130  Reward:    -0.06
Episode    130  AvgReward:    -0.09  Noise: 0.0439
Episode 131  Reward:    -0.12
Episode 132  Reward:    -0.07
Episode 133  Reward:    -0.09
Episode 134  Reward:    -0.15
Episode 135  Reward:    -0.10
Episode 136  Reward:    -0.05
Episode 137  Reward:    -0.09
Episode 138  Reward:    -0.08
Episode 139  Reward:    -0.13
Episode 140  Reward:    -0.05
Episode    140  AvgReward:    -0.09  Noise: 0.0435
Episode 141  Reward:    -0.12
Episode 142  Reward:    -0.00
Episode 143  Reward:    -0.11
Episode 144  Reward:    -0.09
Episode 145  Reward:    -0.09
Episode 146  Reward:    -0.08
Episode 147  Reward:    -0.10
Episode 148  Reward:    -0.12
Episode 149  Reward:    -0.16
Episode 150  Reward:    -0.07
Episode    150  AvgReward:    -0.09  Noise: 0.0431
Episode 151  Reward:     0.04
Episode 152  Reward:    -0.14
Episode 153  Reward:    -0.09
Episode 154  Reward:    -0.08
Episode 155  Reward:    -0.07
Episode 156  Reward:    -0.08
Episode 157  Reward:    -0.09
Episode 158  Reward:    -0.12
Episode 159  Reward:    -0.15
Episode 160  Reward:    -0.09
Episode    160  AvgReward:    -0.09  Noise: 0.0426
Episode 161  Reward:    -0.08
Episode 162  Reward:    -0.12
Episode 163  Reward:    -0.09
Episode 164  Reward:    -0.04
Episode 165  Reward:    -0.06
Episode 166  Reward:    -0.08
Episode 167  Reward:    -0.01
Episode 168  Reward:    -0.07
Episode 169  Reward:    -0.14
Episode 170  Reward:    -0.14
Episode    170  AvgReward:    -0.08  Noise: 0.0422
Episode 171  Reward:    -0.06
Episode 172  Reward:    -0.19
Episode 173  Reward:    -0.06
Episode 174  Reward:    -0.13
Episode 175  Reward:    -0.05
Episode 176  Reward:    -0.03
Episode 177  Reward:    -0.17
Episode 178  Reward:    -0.22
Episode 179  Reward:    -0.09
Episode 180  Reward:    -0.06
Episode    180  AvgReward:    -0.11  Noise: 0.0418
Episode 181  Reward:    -0.10
Episode 182  Reward:    -0.09
Episode 183  Reward:     0.01
Episode 184  Reward:    -0.08
Episode 185  Reward:    -0.08
Episode 186  Reward:    -0.11
Episode 187  Reward:    -0.12
Episode 188  Reward:    -0.16
Episode 189  Reward:    -0.14
Episode 190  Reward:    -0.09
Episode    190  AvgReward:    -0.10  Noise: 0.0414
Episode 191  Reward:    -0.07
Episode 192  Reward:    -0.10
Episode 193  Reward:    -0.24
Episode 194  Reward:    -0.13
Episode 195  Reward:    -0.05
Episode 196  Reward:    -0.02
Episode 197  Reward:    -0.10
Episode 198  Reward:    -0.07
Episode 199  Reward:     0.01
Episode 200  Reward:    -0.06
Episode    200  AvgReward:    -0.08  Noise: 0.0410
Episode 201  Reward:    -0.02
Episode 202  Reward:    -0.11
Episode 203  Reward:    -0.13
Episode 204  Reward:    -0.06
Episode 205  Reward:    -0.06
Episode 206  Reward:    -0.08
Episode 207  Reward:    -0.07
Episode 208  Reward:    -0.14
Episode 209  Reward:    -0.03
Episode 210  Reward:    -0.13
Episode    210  AvgReward:    -0.08  Noise: 0.0406
Episode 211  Reward:    -0.11
Episode 212  Reward:    -0.11
Episode 213  Reward:    -0.04
Episode 214  Reward:    -0.22
Episode 215  Reward:    -0.05
Episode 216  Reward:     0.05
Episode 217  Reward:    -0.14
Episode 218  Reward:    -0.07
Episode 219  Reward:    -0.12
Episode 220  Reward:    -0.04
Episode    220  AvgReward:    -0.08  Noise: 0.0402
Episode 221  Reward:    -0.13
Episode 222  Reward:    -0.10
Episode 223  Reward:    -0.09
Episode 224  Reward:    -0.03
Episode 225  Reward:    -0.10
Episode 226  Reward:    -0.09
Episode 227  Reward:    -0.19
Episode 228  Reward:    -0.05
Episode 229  Reward:    -0.10
Episode 230  Reward:    -0.09
Episode    230  AvgReward:    -0.09  Noise: 0.0398
Episode 231  Reward:    -0.04
Episode 232  Reward:    -0.12
Episode 233  Reward:    -0.10
Episode 234  Reward:    -0.10
Episode 235  Reward:    -0.07
Episode 236  Reward:    -0.09
Episode 237  Reward:    -0.04
Episode 238  Reward:    -0.07
Episode 239  Reward:    -0.18
Episode 240  Reward:    -0.09
Episode    240  AvgReward:    -0.09  Noise: 0.0394
Episode 241  Reward:    -0.18
Episode 242  Reward:    -0.05
Episode 243  Reward:    -0.13
Episode 244  Reward:    -0.07
Episode 245  Reward:    -0.13
Episode 246  Reward:    -0.07
Episode 247  Reward:    -0.20
Episode 248  Reward:    -0.10
Episode 249  Reward:    -0.11
Episode 250  Reward:    -0.07
Episode    250  AvgReward:    -0.11  Noise: 0.0390
Episode 251  Reward:    -0.06
Episode 252  Reward:    -0.07
Episode 253  Reward:    -0.08
Episode 254  Reward:    -0.09
Episode 255  Reward:    -0.13
Episode 256  Reward:    -0.01
Episode 257  Reward:    -0.08
Episode 258  Reward:    -0.09
Episode 259  Reward:    -0.06
Episode 260  Reward:    -0.05
Episode    260  AvgReward:    -0.07  Noise: 0.0386
Episode 261  Reward:    -0.10
Episode 262  Reward:    -0.04
Episode 263  Reward:     0.01
Episode 264  Reward:    -0.11
Episode 265  Reward:    -0.10
Episode 266  Reward:    -0.07
Episode 267  Reward:    -0.05
Episode 268  Reward:    -0.04
Episode 269  Reward:    -0.04
Episode 270  Reward:    -0.15
Episode    270  AvgReward:    -0.07  Noise: 0.0382
Episode 271  Reward:    -0.11
Episode 272  Reward:    -0.16
Episode 273  Reward:    -0.09
Episode 274  Reward:    -0.10
Episode 275  Reward:    -0.15
Episode 276  Reward:    -0.15
Episode 277  Reward:    -0.15
Episode 278  Reward:    -0.12
Episode 279  Reward:    -0.17
Episode 280  Reward:    -0.10
Episode    280  AvgReward:    -0.13  Noise: 0.0378
Episode 281  Reward:    -0.10
Episode 282  Reward:    -0.26
Episode 283  Reward:    -0.13
Episode 284  Reward:    -0.05
Episode 285  Reward:    -0.11
Episode 286  Reward:    -0.16
Episode 287  Reward:    -0.05
Episode 288  Reward:    -0.07
Episode 289  Reward:    -0.09
Episode 290  Reward:    -0.03
Episode    290  AvgReward:    -0.10  Noise: 0.0374
Episode 291  Reward:    -0.06
Episode 292  Reward:    -0.06
Episode 293  Reward:    -0.17
Episode 294  Reward:    -0.18
Episode 295  Reward:    -0.12
Episode 296  Reward:    -0.19
Episode 297  Reward:    -0.10
Episode 298  Reward:    -0.08
Episode 299  Reward:    -0.07
Episode 300  Reward:    -0.10
Episode    300  AvgReward:    -0.11  Noise: 0.0371
Episode 301  Reward:    -0.12
Episode 302  Reward:    -0.10
Episode 303  Reward:    -0.14
Episode 304  Reward:    -0.11
Episode 305  Reward:    -0.07
Episode 306  Reward:    -0.13
Episode 307  Reward:    -0.10
Episode 308  Reward:    -0.15
Episode 309  Reward:    -0.21
Episode 310  Reward:    -0.13
Episode    310  AvgReward:    -0.13  Noise: 0.0367
Episode 311  Reward:    -0.08
Episode 312  Reward:    -0.17
Episode 313  Reward:    -0.07
Episode 314  Reward:    -0.08
Episode 315  Reward:     0.00
Episode 316  Reward:    -0.03
Episode 317  Reward:    -0.13
Episode 318  Reward:    -0.06
Episode 319  Reward:     0.03
Episode 320  Reward:    -0.13
Episode    320  AvgReward:    -0.07  Noise: 0.0363
Episode 321  Reward:    -0.14
Episode 322  Reward:    -0.30
Episode 323  Reward:    -0.04
Episode 324  Reward:    -0.10
Episode 325  Reward:    -0.07
Episode 326  Reward:    -0.03
Episode 327  Reward:    -0.04
Episode 328  Reward:    -0.13
Episode 329  Reward:    -0.10
Episode 330  Reward:    -0.07
Episode    330  AvgReward:    -0.10  Noise: 0.0360
Episode 331  Reward:    -0.12
Episode 332  Reward:    -0.09
Episode 333  Reward:    -0.02
Episode 334  Reward:    -0.10
Episode 335  Reward:    -0.03
Episode 336  Reward:    -0.13
Episode 337  Reward:    -0.08
Episode 338  Reward:    -0.08
Episode 339  Reward:    -0.13
Episode 340  Reward:    -0.11
Episode    340  AvgReward:    -0.09  Noise: 0.0356
Episode 341  Reward:    -0.11
Episode 342  Reward:    -0.09
Episode 343  Reward:    -0.03
Episode 344  Reward:    -0.11
Episode 345  Reward:    -0.16
Episode 346  Reward:    -0.02
Episode 347  Reward:    -0.07
Episode 348  Reward:    -0.04
Episode 349  Reward:    -0.06
Episode 350  Reward:    -0.08
Episode    350  AvgReward:    -0.08  Noise: 0.0353
Episode 351  Reward:    -0.09
Episode 352  Reward:    -0.14
Episode 353  Reward:    -0.07
Episode 354  Reward:    -0.16
Episode 355  Reward:    -0.05
Episode 356  Reward:    -0.15
Episode 357  Reward:    -0.15
Episode 358  Reward:    -0.13
Episode 359  Reward:    -0.04
Episode 360  Reward:    -0.06
Episode    360  AvgReward:    -0.10  Noise: 0.0349
Episode 361  Reward:    -0.08
Episode 362  Reward:    -0.05
Episode 363  Reward:    -0.11
Episode 364  Reward:    -0.04
Episode 365  Reward:    -0.12
Episode 366  Reward:    -0.08
Episode 367  Reward:    -0.04
Episode 368  Reward:    -0.27
Episode 369  Reward:    -0.06
Episode 370  Reward:    -0.13
Episode    370  AvgReward:    -0.10  Noise: 0.0346
Episode 371  Reward:    -0.06
Episode 372  Reward:    -0.03
Episode 373  Reward:    -0.09
Episode 374  Reward:    -0.08
Episode 375  Reward:    -0.24
Episode 376  Reward:    -0.06
Episode 377  Reward:    -0.08
Episode 378  Reward:    -0.11
Episode 379  Reward:    -0.13
Episode 380  Reward:    -0.04
Episode    380  AvgReward:    -0.09  Noise: 0.0342
Episode 381  Reward:    -0.03
Episode 382  Reward:     0.04
Episode 383  Reward:    -0.09
Episode 384  Reward:    -0.09
Episode 385  Reward:    -0.14
Episode 386  Reward:    -0.05
Episode 387  Reward:    -0.03
Episode 388  Reward:    -0.05
Episode 389  Reward:    -0.07
Episode 390  Reward:    -0.08
Episode    390  AvgReward:    -0.06  Noise: 0.0339
Episode 391  Reward:    -0.04
Episode 392  Reward:     0.02
Episode 393  Reward:    -0.15
Episode 394  Reward:    -0.17
Episode 395  Reward:    -0.13
Episode 396  Reward:    -0.04
Episode 397  Reward:    -0.13
Episode 398  Reward:    -0.11
Episode 399  Reward:    -0.03
Episode 400  Reward:    -0.04
Episode    400  AvgReward:    -0.08  Noise: 0.0335
Episode 401  Reward:    -0.13
Episode 402  Reward:    -0.11
Episode 403  Reward:    -0.11
Episode 404  Reward:    -0.07
Episode 405  Reward:    -0.09
Episode 406  Reward:    -0.07
Episode 407  Reward:    -0.10
Episode 408  Reward:    -0.11
Episode 409  Reward:    -0.13
Episode 410  Reward:    -0.14
Episode    410  AvgReward:    -0.11  Noise: 0.0332
Episode 411  Reward:    -0.15
Episode 412  Reward:    -0.06
Episode 413  Reward:    -0.03
Episode 414  Reward:    -0.13
Episode 415  Reward:    -0.15
Episode 416  Reward:    -0.08
Episode 417  Reward:    -0.10
Episode 418  Reward:    -0.03
Episode 419  Reward:    -0.03
Episode 420  Reward:    -0.09
Episode    420  AvgReward:    -0.09  Noise: 0.0329
Episode 421  Reward:    -0.07
Episode 422  Reward:    -0.06
Episode 423  Reward:    -0.06
Episode 424  Reward:    -0.10
Episode 425  Reward:    -0.04
Episode 426  Reward:    -0.10
Episode 427  Reward:    -0.10
Episode 428  Reward:    -0.11
Episode 429  Reward:    -0.11
Episode 430  Reward:    -0.14
Episode    430  AvgReward:    -0.09  Noise: 0.0326
Episode 431  Reward:    -0.12
Episode 432  Reward:    -0.02
Episode 433  Reward:    -0.06
Episode 434  Reward:    -0.05
Episode 435  Reward:    -0.12
Episode 436  Reward:    -0.07
Episode 437  Reward:    -0.04
Episode 438  Reward:    -0.12
Episode 439  Reward:    -0.10
Episode 440  Reward:    -0.08
Episode    440  AvgReward:    -0.08  Noise: 0.0322
Episode 441  Reward:    -0.18
Episode 442  Reward:    -0.06
Episode 443  Reward:    -0.06
Episode 444  Reward:    -0.10
Episode 445  Reward:    -0.11
Episode 446  Reward:    -0.11
Episode 447  Reward:    -0.10
Episode 448  Reward:    -0.11
Episode 449  Reward:    -0.05
Episode 450  Reward:    -0.11
Episode    450  AvgReward:    -0.10  Noise: 0.0319
Episode 451  Reward:    -0.05
Episode 452  Reward:    -0.07
Episode 453  Reward:    -0.14
Episode 454  Reward:    -0.09
Episode 455  Reward:    -0.11
Episode 456  Reward:    -0.10
Episode 457  Reward:    -0.16
Episode 458  Reward:    -0.10
Episode 459  Reward:    -0.08
Episode 460  Reward:    -0.04
Episode    460  AvgReward:    -0.09  Noise: 0.0316
Episode 461  Reward:    -0.13
Episode 462  Reward:    -0.11
Episode 463  Reward:    -0.12
Episode 464  Reward:    -0.06
Episode 465  Reward:    -0.09
Episode 466  Reward:    -0.11
Episode 467  Reward:    -0.10
Episode 468  Reward:    -0.08
Episode 469  Reward:    -0.11
Episode 470  Reward:    -0.10
Episode    470  AvgReward:    -0.10  Noise: 0.0313
Episode 471  Reward:    -0.09
Episode 472  Reward:    -0.04
Episode 473  Reward:    -0.11
Episode 474  Reward:    -0.11
Episode 475  Reward:    -0.06
Episode 476  Reward:    -0.04
Episode 477  Reward:    -0.11
Episode 478  Reward:    -0.08
Episode 479  Reward:    -0.01
Episode 480  Reward:    -0.08
Episode    480  AvgReward:    -0.07  Noise: 0.0310
Episode 481  Reward:    -0.20
Episode 482  Reward:    -0.03
Episode 483  Reward:    -0.07
Episode 484  Reward:    -0.04
Episode 485  Reward:    -0.02
Episode 486  Reward:    -0.09
Episode 487  Reward:    -0.04
Episode 488  Reward:    -0.02
Episode 489  Reward:     0.02
Episode 490  Reward:     0.01
Episode    490  AvgReward:    -0.05  Noise: 0.0307
Episode 491  Reward:    -0.09
Episode 492  Reward:    -0.10
Episode 493  Reward:    -0.14
Episode 494  Reward:    -0.18
Episode 495  Reward:    -0.16
Episode 496  Reward:    -0.11
Episode 497  Reward:    -0.14
Episode 498  Reward:    -0.13
Episode 499  Reward:    -0.10
Episode 500  Reward:    -0.13
Episode    500  AvgReward:    -0.13  Noise: 0.0303
TRAIN STAGE COMPLETE
Pre-training complete. Agent saved.

============================================================
Stage 2: Fine-tuning on Real Data

============================================================
============================================================
STAGE 2: FINE-TUNING
============================================================
Loaded pre-trained agent. Starting fine-tuning...
============================================================
TRAIN STAGE STARTED: episodes=200, batch_size=32
============================================================
Episode 1  Reward:    -0.09
Episode 2  Reward:    -0.08
Episode 3  Reward:    -0.08
Episode 4  Reward:    -0.15
Episode 5  Reward:    -0.09
Episode 6  Reward:    -0.10
Episode 7  Reward:    -0.06
Episode 8  Reward:    -0.19
Episode 9  Reward:    -0.02
Episode 10  Reward:    -0.11
Episode     10  AvgReward:    -0.10  Noise: 0.0991
Episode 11  Reward:    -0.06
Episode 12  Reward:    -0.11
Episode 13  Reward:    -0.11
Episode 14  Reward:    -0.16
Episode 15  Reward:    -0.08
Episode 16  Reward:    -0.12
Episode 17  Reward:    -0.09
Episode 18  Reward:    -0.04
Episode 19  Reward:    -0.07
Episode 20  Reward:    -0.05
Episode     20  AvgReward:    -0.09  Noise: 0.0981
Episode 21  Reward:    -0.19
Episode 22  Reward:    -0.17
Episode 23  Reward:     0.01
Episode 24  Reward:    -0.11
Episode 25  Reward:    -0.18
Episode 26  Reward:    -0.02
Episode 27  Reward:    -0.15
Episode 28  Reward:    -0.05
Episode 29  Reward:    -0.09
Episode 30  Reward:    -0.03
Episode     30  AvgReward:    -0.10  Noise: 0.0971
Episode 31  Reward:    -0.05
Episode 32  Reward:    -0.13
Episode 33  Reward:    -0.11
Episode 34  Reward:     0.01
Episode 35  Reward:    -0.12
Episode 36  Reward:    -0.12
Episode 37  Reward:    -0.04
Episode 38  Reward:    -0.06
Episode 39  Reward:    -0.09
Episode 40  Reward:    -0.04
Episode     40  AvgReward:    -0.07  Noise: 0.0962
Episode 41  Reward:    -0.17
Episode 42  Reward:    -0.11
Episode 43  Reward:    -0.07
Episode 44  Reward:    -0.06
Episode 45  Reward:    -0.20
Episode 46  Reward:    -0.00
Episode 47  Reward:    -0.10
Episode 48  Reward:    -0.03
Episode 49  Reward:    -0.14
Episode 50  Reward:    -0.09
Episode     50  AvgReward:    -0.10  Noise: 0.0952
Episode 51  Reward:    -0.09
Episode 52  Reward:    -0.06
Episode 53  Reward:    -0.03
Episode 54  Reward:    -0.10
Episode 55  Reward:    -0.11
Episode 56  Reward:    -0.23
Episode 57  Reward:    -0.01
Episode 58  Reward:    -0.10
Episode 59  Reward:    -0.04
Episode 60  Reward:    -0.06
Episode     60  AvgReward:    -0.08  Noise: 0.0943
Episode 61  Reward:    -0.07
Episode 62  Reward:    -0.14
Episode 63  Reward:    -0.17
Episode 64  Reward:     0.01
Episode 65  Reward:    -0.18
Episode 66  Reward:    -0.15
Episode 67  Reward:    -0.12
Episode 68  Reward:    -0.15
Episode 69  Reward:    -0.09
Episode 70  Reward:    -0.14
Episode     70  AvgReward:    -0.12  Noise: 0.0933
Episode 71  Reward:    -0.14
Episode 72  Reward:    -0.08
Episode 73  Reward:    -0.06
Episode 74  Reward:    -0.08
Episode 75  Reward:    -0.09
Episode 76  Reward:    -0.12
Episode 77  Reward:    -0.09
Episode 78  Reward:    -0.06
Episode 79  Reward:    -0.09
Episode 80  Reward:    -0.07
Episode     80  AvgReward:    -0.09  Noise: 0.0924
Episode 81  Reward:    -0.10
Episode 82  Reward:    -0.13
Episode 83  Reward:    -0.15
Episode 84  Reward:    -0.10
Episode 85  Reward:    -0.11
Episode 86  Reward:     0.01
Episode 87  Reward:     0.02
Episode 88  Reward:    -0.14
Episode 89  Reward:    -0.04
Episode 90  Reward:    -0.14
Episode     90  AvgReward:    -0.09  Noise: 0.0915
Episode 91  Reward:    -0.08
Episode 92  Reward:    -0.11
Episode 93  Reward:    -0.08
Episode 94  Reward:    -0.22
Episode 95  Reward:    -0.10
Episode 96  Reward:    -0.12
Episode 97  Reward:    -0.05
Episode 98  Reward:    -0.15
Episode 99  Reward:    -0.12
Episode 100  Reward:    -0.07
Episode    100  AvgReward:    -0.11  Noise: 0.0906
Episode 101  Reward:    -0.00
Episode 102  Reward:    -0.12
Episode 103  Reward:    -0.01
Episode 104  Reward:    -0.04
Episode 105  Reward:    -0.08
Episode 106  Reward:     0.00
Episode 107  Reward:    -0.09
Episode 108  Reward:    -0.16
Episode 109  Reward:    -0.09
Episode 110  Reward:    -0.07
Episode    110  AvgReward:    -0.07  Noise: 0.0897
Episode 111  Reward:    -0.16
Episode 112  Reward:    -0.19
Episode 113  Reward:    -0.10
Episode 114  Reward:    -0.07
Episode 115  Reward:     0.01
Episode 116  Reward:    -0.12
Episode 117  Reward:    -0.11
Episode 118  Reward:    -0.11
Episode 119  Reward:    -0.02
Episode 120  Reward:    -0.09
Episode    120  AvgReward:    -0.10  Noise: 0.0888
Episode 121  Reward:    -0.11
Episode 122  Reward:    -0.14
Episode 123  Reward:    -0.03
Episode 124  Reward:    -0.02
Episode 125  Reward:    -0.06
Episode 126  Reward:    -0.04
Episode 127  Reward:    -0.02
Episode 128  Reward:    -0.06
Episode 129  Reward:     0.01
Episode 130  Reward:    -0.08
Episode    130  AvgReward:    -0.06  Noise: 0.0879
Episode 131  Reward:    -0.04
Episode 132  Reward:    -0.22
Episode 133  Reward:    -0.04
Episode 134  Reward:    -0.13
Episode 135  Reward:    -0.08
Episode 136  Reward:    -0.01
Episode 137  Reward:    -0.08
Episode 138  Reward:    -0.03
Episode 139  Reward:    -0.17
Episode 140  Reward:    -0.07
Episode    140  AvgReward:    -0.09  Noise: 0.0870
Episode 141  Reward:    -0.09
Episode 142  Reward:    -0.02
Episode 143  Reward:    -0.12
Episode 144  Reward:    -0.07
Episode 145  Reward:    -0.08
Episode 146  Reward:    -0.03
Episode 147  Reward:    -0.21
Episode 148  Reward:    -0.04
Episode 149  Reward:    -0.14
Episode 150  Reward:    -0.09
Episode    150  AvgReward:    -0.09  Noise: 0.0862
Episode 151  Reward:    -0.06
Episode 152  Reward:    -0.07
Episode 153  Reward:    -0.09
Episode 154  Reward:    -0.01
Episode 155  Reward:    -0.18
Episode 156  Reward:     0.00
Episode 157  Reward:    -0.10
Episode 158  Reward:    -0.07
Episode 159  Reward:    -0.05
Episode 160  Reward:    -0.07
Episode    160  AvgReward:    -0.07  Noise: 0.0853
Episode 161  Reward:    -0.10
Episode 162  Reward:    -0.11
Episode 163  Reward:    -0.06
Episode 164  Reward:    -0.05
Episode 165  Reward:    -0.11
Episode 166  Reward:    -0.10
Episode 167  Reward:    -0.06
Episode 168  Reward:    -0.08
Episode 169  Reward:    -0.08
Episode 170  Reward:    -0.08
Episode    170  AvgReward:    -0.08  Noise: 0.0844
Episode 171  Reward:    -0.03
Episode 172  Reward:    -0.05
Episode 173  Reward:    -0.04
Episode 174  Reward:    -0.06
Episode 175  Reward:    -0.03
Episode 176  Reward:    -0.08
Episode 177  Reward:    -0.06
Episode 178  Reward:    -0.14
Episode 179  Reward:    -0.16
Episode 180  Reward:    -0.09
Episode    180  AvgReward:    -0.08  Noise: 0.0836
Episode 181  Reward:    -0.01
Episode 182  Reward:    -0.09
Episode 183  Reward:    -0.16
Episode 184  Reward:    -0.05
Episode 185  Reward:    -0.11
Episode 186  Reward:    -0.08
Episode 187  Reward:    -0.06
Episode 188  Reward:    -0.02
Episode 189  Reward:    -0.02
Episode 190  Reward:    -0.10
Episode    190  AvgReward:    -0.07  Noise: 0.0828
Episode 191  Reward:    -0.06
Episode 192  Reward:    -0.12
Episode 193  Reward:    -0.08
Episode 194  Reward:    -0.13
Episode 195  Reward:    -0.06
Episode 196  Reward:    -0.15
Episode 197  Reward:     0.02
Episode 198  Reward:     0.02
Episode 199  Reward:    -0.10
Episode 200  Reward:    -0.08
Episode    200  AvgReward:    -0.07  Noise: 0.0819
TRAIN STAGE COMPLETE
Fine-tuning complete. Final agent saved.

============================================================
TRAINING COMPLETE

============================================================
