During startup - Warning messages:
1: Setting LC_CTYPE failed, using "C" 
2: Setting LC_COLLATE failed, using "C" 
3: Setting LC_TIME failed, using "C" 
4: Setting LC_MESSAGES failed, using "C" 
5: Setting LC_MONETARY failed, using "C" 
6: Setting LC_PAPER failed, using "C" 
7: Setting LC_MEASUREMENT failed, using "C" 
Run mode: full | seed: 20260728 | CVaR simulations/step: 10000
Loading required package: zoo

Attaching package: 'zoo'

The following objects are masked from 'package:base':

    as.Date, as.Date.numeric

RLEnvironment (full framework) loaded.
Real vine sequence length: 139
Building static vine for pre-training...
Gym has been unmaintained since 2022 and does not support NumPy 2.0 amongst other critical functionality.
Please upgrade to Gymnasium, the maintained drop-in replacement of Gym, or contact the authors of your software and request that they upgrade.
Users of this version of Gym should be able to simply replace 'import gym' with 'import gymnasium as gym' in the vast majority of cases.
See the migration guide at https://gymnasium.farama.org/introduction/migration_guide/ for additional information.
Run seed: 20260728
Run mode: full
PyTorch: 2.10.0+cu128
Device: cuda
GPU: NVIDIA A100-SXM4-80GB
PYTHON: Framework ready.

============================================================
Stage 1: Pre-training on Synthetic Data

============================================================
============================================================
STAGE 1: PRE-TRAINING
============================================================
============================================================
TRAIN STAGE STARTED: episodes=500, batch_size=128
============================================================
Episode 1  Reward:     0.04
Episode 2  Reward:    -0.08
Episode 3  Reward:    -0.15
Episode 4  Reward:    -0.08
Episode 5  Reward:    -0.14
Episode 6  Reward:    -0.12
Episode 7  Reward:    -0.09
Episode 8  Reward:    -0.07
Episode 9  Reward:    -0.10
Episode 10  Reward:    -0.06
Episode     10  AvgReward:    -0.08  Noise: 0.0496
Episode 11  Reward:    -0.11
Episode 12  Reward:    -0.06
Episode 13  Reward:    -0.14
Episode 14  Reward:    -0.06
Episode 15  Reward:    -0.13
Episode 16  Reward:    -0.03
Episode 17  Reward:    -0.02
Episode 18  Reward:    -0.12
Episode 19  Reward:    -0.10
Episode 20  Reward:    -0.06
Episode     20  AvgReward:    -0.08  Noise: 0.0491
Episode 21  Reward:    -0.08
Episode 22  Reward:    -0.06
Episode 23  Reward:    -0.10
Episode 24  Reward:    -0.03
Episode 25  Reward:    -0.14
Episode 26  Reward:    -0.07
Episode 27  Reward:    -0.03
Episode 28  Reward:    -0.16
Episode 29  Reward:    -0.15
Episode 30  Reward:    -0.14
Episode     30  AvgReward:    -0.10  Noise: 0.0486
Episode 31  Reward:    -0.10
Episode 32  Reward:    -0.05
Episode 33  Reward:    -0.13
Episode 34  Reward:    -0.08
Episode 35  Reward:    -0.15
Episode 36  Reward:    -0.10
Episode 37  Reward:    -0.16
Episode 38  Reward:    -0.10
Episode 39  Reward:    -0.10
Episode 40  Reward:     0.05
Episode     40  AvgReward:    -0.09  Noise: 0.0481
Episode 41  Reward:    -0.04
Episode 42  Reward:    -0.14
Episode 43  Reward:    -0.02
Episode 44  Reward:    -0.03
Episode 45  Reward:    -0.11
Episode 46  Reward:    -0.07
Episode 47  Reward:     0.00
Episode 48  Reward:    -0.06
Episode 49  Reward:    -0.04
Episode 50  Reward:    -0.16
Episode     50  AvgReward:    -0.07  Noise: 0.0476
Episode 51  Reward:    -0.05
Episode 52  Reward:    -0.05
Episode 53  Reward:    -0.13
Episode 54  Reward:    -0.01
Episode 55  Reward:    -0.12
Episode 56  Reward:    -0.12
Episode 57  Reward:    -0.02
Episode 58  Reward:    -0.04
Episode 59  Reward:    -0.14
Episode 60  Reward:    -0.16
Episode     60  AvgReward:    -0.08  Noise: 0.0471
Episode 61  Reward:    -0.13
Episode 62  Reward:    -0.04
Episode 63  Reward:    -0.08
Episode 64  Reward:     0.00
Episode 65  Reward:    -0.04
Episode 66  Reward:    -0.08
Episode 67  Reward:    -0.08
Episode 68  Reward:    -0.07
Episode 69  Reward:    -0.07
Episode 70  Reward:    -0.11
Episode     70  AvgReward:    -0.07  Noise: 0.0467
Episode 71  Reward:    -0.10
Episode 72  Reward:    -0.08
Episode 73  Reward:    -0.08
Episode 74  Reward:    -0.06
Episode 75  Reward:    -0.09
Episode 76  Reward:    -0.08
Episode 77  Reward:    -0.08
Episode 78  Reward:    -0.10
Episode 79  Reward:    -0.03
Episode 80  Reward:    -0.09
Episode     80  AvgReward:    -0.08  Noise: 0.0462
Episode 81  Reward:    -0.14
Episode 82  Reward:    -0.17
Episode 83  Reward:    -0.07
Episode 84  Reward:    -0.12
Episode 85  Reward:    -0.14
Episode 86  Reward:    -0.10
Episode 87  Reward:    -0.10
Episode 88  Reward:    -0.09
Episode 89  Reward:    -0.04
Episode 90  Reward:    -0.09
Episode     90  AvgReward:    -0.11  Noise: 0.0457
Episode 91  Reward:    -0.16
Episode 92  Reward:    -0.10
Episode 93  Reward:    -0.07
Episode 94  Reward:    -0.15
Episode 95  Reward:    -0.07
Episode 96  Reward:    -0.18
Episode 97  Reward:    -0.14
Episode 98  Reward:    -0.14
Episode 99  Reward:    -0.14
Episode 100  Reward:    -0.08
Episode    100  AvgReward:    -0.12  Noise: 0.0453
Episode 101  Reward:    -0.03
Episode 102  Reward:    -0.08
Episode 103  Reward:    -0.05
Episode 104  Reward:    -0.06
Episode 105  Reward:    -0.12
Episode 106  Reward:    -0.14
Episode 107  Reward:    -0.19
Episode 108  Reward:     0.02
Episode 109  Reward:    -0.13
Episode 110  Reward:     0.00
Episode    110  AvgReward:    -0.08  Noise: 0.0448
Episode 111  Reward:    -0.28
Episode 112  Reward:    -0.09
Episode 113  Reward:    -0.03
Episode 114  Reward:    -0.09
Episode 115  Reward:    -0.15
Episode 116  Reward:    -0.09
