Parallel sweep worker 2/4: 3 of 10 seeds assigned.

[1/3] Training seed 20260842
Loading configuration from: config/config.yaml 
Run mode: full | seed: 20260842 | CVaR simulations/step: 512 | vine simulation cores: 23
Loading synthetic return bundle: data/synthetic_returns.RData
Loaded 1000 pre-training and 61 fine-tuning episodes.
Fine-tuning selection: 37 fit episodes, 23 purged overlapping episodes, 1 validation episode; final refit uses all 61.
Error in py_run_string_impl(code, local, convert) : 
  ModuleNotFoundError: No module named 'gymnasium'
Run `reticulate::py_last_error()` for details.
Calls: source ... eval -> eval -> py_run_string -> py_run_string_impl
Execution halted

[2/3] Training seed 20260846
Loading configuration from: config/config.yaml 
Run mode: full | seed: 20260846 | CVaR simulations/step: 512 | vine simulation cores: 23
Loading synthetic return bundle: data/synthetic_returns.RData
Loaded 1000 pre-training and 61 fine-tuning episodes.
Fine-tuning selection: 37 fit episodes, 23 purged overlapping episodes, 1 validation episode; final refit uses all 61.
Error in py_run_string_impl(code, local, convert) : 
  ModuleNotFoundError: No module named 'gymnasium'
Run `reticulate::py_last_error()` for details.
Calls: source ... eval -> eval -> py_run_string -> py_run_string_impl
Execution halted

[3/3] Training seed 20260850
Loading configuration from: config/config.yaml 
Run mode: full | seed: 20260850 | CVaR simulations/step: 512 | vine simulation cores: 23
Loading synthetic return bundle: data/synthetic_returns.RData
Loaded 1000 pre-training and 61 fine-tuning episodes.
Fine-tuning selection: 37 fit episodes, 23 purged overlapping episodes, 1 validation episode; final refit uses all 61.
Error in py_run_string_impl(code, local, convert) : 
  ModuleNotFoundError: No module named 'gymnasium'
Run `reticulate::py_last_error()` for details.
Calls: source ... eval -> eval -> py_run_string -> py_run_string_impl
Execution halted

No-holdout gate passed for 0/3 seeds.
Worker shard completed; enforce the preregistered minimum after merging all shard status files.
