Parallel sweep worker 3/4: 2 of 10 seeds assigned.

[1/2] Training seed 20260843
Loading configuration from: config/config.yaml 
Run mode: full | seed: 20260843 | CVaR simulations/step: 512 | vine simulation cores: 23
Loading synthetic return bundle: data/synthetic_returns.RData
Loaded 1000 pre-training and 61 fine-tuning episodes.
Fine-tuning selection: 37 fit episodes, 23 purged overlapping episodes, 1 validation episode; final refit uses all 61.
Error in py_run_string_impl(code, local, convert) : 
  ModuleNotFoundError: No module named 'gymnasium'
Run `reticulate::py_last_error()` for details.
Calls: source ... eval -> eval -> py_run_string -> py_run_string_impl
Execution halted

[2/2] Training seed 20260847
Loading configuration from: config/config.yaml 
Run mode: full | seed: 20260847 | CVaR simulations/step: 512 | vine simulation cores: 23
Loading synthetic return bundle: data/synthetic_returns.RData
Loaded 1000 pre-training and 61 fine-tuning episodes.
Fine-tuning selection: 37 fit episodes, 23 purged overlapping episodes, 1 validation episode; final refit uses all 61.
Error in py_run_string_impl(code, local, convert) : 
  ModuleNotFoundError: No module named 'gymnasium'
Run `reticulate::py_last_error()` for details.
Calls: source ... eval -> eval -> py_run_string -> py_run_string_impl
Execution halted

No-holdout gate passed for 0/2 seeds.
Worker shard completed; enforce the preregistered minimum after merging all shard status files.
