Parallel sweep worker 2/2: 5 of 10 seeds assigned.
Sweep vine observation mode: zero

[1/5] Training seed 20260842
Reusing cryptographically attested completed training for seed 20260842; training is not rerun.
       model  episodes  steps  unique_calendar_decisions  return_replication_error  all_values_finite  mean_terminal_wealth  median_terminal_wealth  q05_terminal_wealth  q95_terminal_wealth  min_terminal_wealth  max_terminal_wealth  mean_episode_reward  mean_max_drawdown  worst_max_drawdown  mean_turnover  median_turnover  q95_turnover  mean_cvar  mean_gross_exposure  max_gross_exposure  fraction_at_gross_cap  max_net_exposure_error  gross_exposure_violation  long_weight_violation  short_weight_violation  fraction_steps_with_short  mean_short_notional  mean_leverage_gate  q95_leverage_gate  std_leverage_gate  mean_effective_leverage  gate_gross_mae  fraction_at_position_cap  mean_direction_entropy  mean_normalized_direction_entropy  q05_normalized_direction_entropy  mean_effective_positions  max_abs_weight  fraction_concentrated_weight  mean_cross_asset_weight_sd  apparent_expost_top_hit_rate  apparent_expost_bottom_hit_rate  mean_cross_sectional_weight_next_return_correlation  hard_constraints_pass
equal_weight        61   1464                         84                       0.0               True         117088.223676           112671.189945         93818.243215        143894.904551         90117.178674        158181.950078             0.037143          -0.133784           -0.174129       0.000000         0.000000      0.000000   0.073652             1.000000            1.000000                    0.0            0.000000e+00                       0.0                    0.0                     0.0                        0.0             0.000000                 NaN                NaN                NaN                 0.000000             NaN                       0.0                     NaN                                NaN                               NaN                  7.000000        0.142857                           0.0                2.997945e-17                           NaN                              NaN                                                  NaN                   True
  pretrained        61   1464                         84                       0.0               True         122022.664454           122267.026431         98415.977520        148982.549511         93012.153510        152548.926221             0.090453          -0.117061           -0.147885       0.410622         0.360233      1.046856   0.064267             1.401065            1.416952                    0.0            2.220446e-16                       0.0                    0.0                     0.0                        1.0             0.200532            0.802130           0.823052           0.012632                 0.802130    5.791358e-08                       0.0                0.987601                           0.857820                          0.789246                  4.091441        0.592366                           0.0                2.386069e-01                      0.202381                         0.345238                                             0.095305                   True
        full        61   1464                         84                       0.0               True         122654.207990           121906.656436         97595.073010        153048.699901         93527.900429        161951.732412             0.087610          -0.118939           -0.158317       0.487653         0.389102      1.324918   0.068158             1.402357            1.430894                    0.0            2.220446e-16                       0.0                    0.0                     0.0                        1.0             0.201178            0.804713           0.828881           0.019764                 0.804713    6.135460e-08                       0.0                0.971210                           0.843582                          0.737773                  4.075906        0.578457                           0.0                2.402626e-01                      0.142857                         0.250000                                             0.112751                   True
Checkpoint integrity:
     model                                                           sha256  size_bytes  architecture_match  all_checkpoint_tensors_finite  update_count
pretrained 6cf1e2926f92934710d5e2ee8e1dc79fee43b73ed70f74855f9c8500e1c21aaf     2185379                True                           True         23873
      full 53cb8c9c32f241680aed17f04d12d54140f40fd3d679ad8a829fa6109a9677d2     2184243                True                           True         25274
No hard or behavioural sanity warnings were triggered.
Non-gating diagnostic notes:
 - Full policy has lower mean in-sample objective reward than the pretrained policy.
No-holdout diagnostics written to /gabirel/copula-portfolio-clean/data/no_vine_rl_runs_secondary_v3/seed_20260842/sanity_no_holdout

No-holdout sanity check complete: 61 training-prefix trajectories, 24 steps each.
Outputs: /gabirel/copula-portfolio-clean/data/no_vine_rl_runs_secondary_v3/seed_20260842/sanity_no_holdout

[2/5] Training seed 20260844
Reusing cryptographically attested completed training for seed 20260844; training is not rerun.
       model  episodes  steps  unique_calendar_decisions  return_replication_error  all_values_finite  mean_terminal_wealth  median_terminal_wealth  q05_terminal_wealth  q95_terminal_wealth  min_terminal_wealth  max_terminal_wealth  mean_episode_reward  mean_max_drawdown  worst_max_drawdown  mean_turnover  median_turnover  q95_turnover  mean_cvar  mean_gross_exposure  max_gross_exposure  fraction_at_gross_cap  max_net_exposure_error  gross_exposure_violation  long_weight_violation  short_weight_violation  fraction_steps_with_short  mean_short_notional  mean_leverage_gate  q95_leverage_gate  std_leverage_gate  mean_effective_leverage  gate_gross_mae  fraction_at_position_cap  mean_direction_entropy  mean_normalized_direction_entropy  q05_normalized_direction_entropy  mean_effective_positions  max_abs_weight  fraction_concentrated_weight  mean_cross_asset_weight_sd  apparent_expost_top_hit_rate  apparent_expost_bottom_hit_rate  mean_cross_sectional_weight_next_return_correlation  hard_constraints_pass
equal_weight        61   1464                         84                       0.0               True         117088.223676           112671.189945         93818.243215        143894.904551         90117.178674        158181.950078             0.037143          -0.133784           -0.174129       0.000000         0.000000      0.000000   0.073652             1.000000            1.000000                    0.0            0.000000e+00                       0.0                    0.0                     0.0                        0.0             0.000000                 NaN                NaN                NaN                 0.000000             NaN                       0.0                     NaN                                NaN                               NaN                  7.000000        0.142857                           0.0                2.997945e-17                           NaN                              NaN                                                  NaN                   True
  pretrained        61   1464                         84                       0.0               True         128818.093325           131026.980291        102890.074410        154170.511959         96224.904850        168071.918005             0.136987          -0.092652           -0.129733       0.552754         0.496184      1.352821   0.061378             1.399371            1.416764                    0.0            2.220446e-16                       0.0                    0.0                     0.0                        1.0             0.199686            0.798742           0.821311           0.015019                 0.798742    5.933419e-08                       0.0                0.925676                           0.804032                          0.709616                  3.638681        0.585268                           0.0                2.594606e-01                      0.202381                         0.130952                                             0.084132                   True
        full        61   1464                         84                       0.0               True         127158.359664           128975.820142        107159.209591        146268.219177        100216.347860        157771.959650             0.114391          -0.103236           -0.146837       0.514013         0.454291      1.318145   0.075917             1.398110            1.425932                    0.0            2.220446e-16                       0.0                    0.0                     0.0                        1.0             0.199055            0.796221           0.828373           0.026087                 0.796221    5.617089e-08                       0.0                0.977246                           0.848825                          0.755690                  4.046343        0.589904                           0.0                2.401884e-01                      0.250000                         0.083333                                             0.090344                   True
Checkpoint integrity:
     model                                                           sha256  size_bytes  architecture_match  all_checkpoint_tensors_finite  update_count
pretrained 2742482af9a4469a5a57020a7aceb3663951d3d3e79274166f48b790bc4bb44d     2185379                True                           True         23873
      full e7ea87e989f2f5032069b683a13deac4979bfbab16d8bb27b32152f6b944f513     2184243                True                           True         25274
No hard or behavioural sanity warnings were triggered.
Non-gating diagnostic notes:
 - Full policy has lower mean in-sample objective reward than the pretrained policy.
No-holdout diagnostics written to /gabirel/copula-portfolio-clean/data/no_vine_rl_runs_secondary_v3/seed_20260844/sanity_no_holdout

No-holdout sanity check complete: 61 training-prefix trajectories, 24 steps each.
Outputs: /gabirel/copula-portfolio-clean/data/no_vine_rl_runs_secondary_v3/seed_20260844/sanity_no_holdout

[3/5] Training seed 20260846
Reusing cryptographically attested completed training for seed 20260846; training is not rerun.
       model  episodes  steps  unique_calendar_decisions  return_replication_error  all_values_finite  mean_terminal_wealth  median_terminal_wealth  q05_terminal_wealth  q95_terminal_wealth  min_terminal_wealth  max_terminal_wealth  mean_episode_reward  mean_max_drawdown  worst_max_drawdown  mean_turnover  median_turnover  q95_turnover  mean_cvar  mean_gross_exposure  max_gross_exposure  fraction_at_gross_cap  max_net_exposure_error  gross_exposure_violation  long_weight_violation  short_weight_violation  fraction_steps_with_short  mean_short_notional  mean_leverage_gate  q95_leverage_gate  std_leverage_gate  mean_effective_leverage  gate_gross_mae  fraction_at_position_cap  mean_direction_entropy  mean_normalized_direction_entropy  q05_normalized_direction_entropy  mean_effective_positions  max_abs_weight  fraction_concentrated_weight  mean_cross_asset_weight_sd  apparent_expost_top_hit_rate  apparent_expost_bottom_hit_rate  mean_cross_sectional_weight_next_return_correlation  hard_constraints_pass
equal_weight        61   1464                         84                       0.0               True         117088.223676           112671.189945         93818.243215        143894.904551         90117.178674        158181.950078             0.037143          -0.133784           -0.174129       0.000000         0.000000      0.000000   0.073652             1.000000            1.000000                    0.0            0.000000e+00                       0.0                    0.0                     0.0                        0.0             0.000000                 NaN                NaN                NaN                 0.000000             NaN                       0.0                     NaN                                NaN                               NaN                  7.000000        0.142857                           0.0                2.997945e-17                           NaN                              NaN                                                  NaN                   True
  pretrained        61   1464                         84                       0.0               True         127202.118818           129702.273295        106804.732629        146812.249217        105591.476935        159512.530139             0.114945          -0.143757           -0.210105       0.925902         0.861461      1.975432   0.075641             1.396144            1.431806                    0.0            2.220446e-16                       0.0                    0.0                     0.0                        1.0             0.198072            0.792287           0.832303           0.024128                 0.792287    6.000160e-08                       0.0                1.021747                           0.887478                          0.799066                  4.411538        0.574947                           0.0                2.250941e-01                      0.154762                         0.261905                                             0.154655                   True
        full        61   1464                         84                       0.0               True         141503.667893           135814.269526        120425.492478        168009.621183        117936.886504        179200.702504             0.191915          -0.084612           -0.127450       0.855670         0.814414      1.699005   0.076681             1.399914            1.424260                    0.0            2.220446e-16                       0.0                    0.0                     0.0                        1.0             0.199957            0.799827           0.825412           0.020438                 0.799827    6.172175e-08                       0.0                1.030841                           0.895377                          0.810136                  4.504083        0.586793                           0.0                2.221067e-01                      0.190476                         0.166667                                             0.151263                   True
Checkpoint integrity:
     model                                                           sha256  size_bytes  architecture_match  all_checkpoint_tensors_finite  update_count
pretrained 36a8766c5735562e65554fbfc619ebfb3daae2b029ffdcbbe01e8acb0481af25     2185379                True                           True         23873
      full 5939b555205fd459eb2689b0bd70da32b953fe81c766b5daed15cc59682d0ceb     2184243                True                           True         25274
No hard or behavioural sanity warnings were triggered.
No-holdout diagnostics written to /gabirel/copula-portfolio-clean/data/no_vine_rl_runs_secondary_v3/seed_20260846/sanity_no_holdout

No-holdout sanity check complete: 61 training-prefix trajectories, 24 steps each.
Outputs: /gabirel/copula-portfolio-clean/data/no_vine_rl_runs_secondary_v3/seed_20260846/sanity_no_holdout

[4/5] Training seed 20260848
Reusing cryptographically attested completed training for seed 20260848; training is not rerun.
       model  episodes  steps  unique_calendar_decisions  return_replication_error  all_values_finite  mean_terminal_wealth  median_terminal_wealth  q05_terminal_wealth  q95_terminal_wealth  min_terminal_wealth  max_terminal_wealth  mean_episode_reward  mean_max_drawdown  worst_max_drawdown  mean_turnover  median_turnover  q95_turnover  mean_cvar  mean_gross_exposure  max_gross_exposure  fraction_at_gross_cap  max_net_exposure_error  gross_exposure_violation  long_weight_violation  short_weight_violation  fraction_steps_with_short  mean_short_notional  mean_leverage_gate  q95_leverage_gate  std_leverage_gate  mean_effective_leverage  gate_gross_mae  fraction_at_position_cap  mean_direction_entropy  mean_normalized_direction_entropy  q05_normalized_direction_entropy  mean_effective_positions  max_abs_weight  fraction_concentrated_weight  mean_cross_asset_weight_sd  apparent_expost_top_hit_rate  apparent_expost_bottom_hit_rate  mean_cross_sectional_weight_next_return_correlation  hard_constraints_pass
equal_weight        61   1464                         84                       0.0               True         117088.223676           112671.189945         93818.243215        143894.904551         90117.178674        158181.950078             0.037143          -0.133784           -0.174129       0.000000         0.000000      0.000000   0.073652             1.000000            1.000000                    0.0            0.000000e+00                       0.0                    0.0                     0.0                        0.0             0.000000                 NaN                NaN                NaN                 0.000000             NaN                       0.0                     NaN                                NaN                               NaN                  7.000000        0.142857                           0.0                2.997945e-17                           NaN                              NaN                                                  NaN                   True
  pretrained        61   1464                         84                       0.0               True         124173.983875           122941.575650        100249.370986        153131.173880         98280.971805        163110.243977             0.104827          -0.108434           -0.156944       0.518717         0.414769      1.278666   0.061823             1.399623            1.419159                    0.0            2.220446e-16                       0.0                    0.0                     0.0                        1.0             0.199812            0.799246           0.823623           0.017671                 0.799246    5.832944e-08                       0.0                0.991688                           0.861369                          0.786726                  4.045690        0.588987                           0.0                2.396604e-01                      0.119048                         0.130952                                             0.083498                   True
        full        61   1464                         84                       0.0               True         123036.067633           121328.564774         99542.856016        146876.260761         97271.315573        158606.158683             0.102589          -0.105206           -0.151650       0.631844         0.543831      1.447449   0.059399             1.401225            1.416512                    0.0            2.220446e-16                       0.0                    0.0                     0.0                        1.0             0.200612            0.802450           0.821266           0.012960                 0.802450    5.891542e-08                       0.0                0.998058                           0.866902                          0.798416                  4.103034        0.591497                           0.0                2.374646e-01                      0.119048                         0.130952                                             0.064776                   True
Checkpoint integrity:
     model                                                           sha256  size_bytes  architecture_match  all_checkpoint_tensors_finite  update_count
pretrained 7a6845c9f1ce1b882ca93595e1ba0fddde4baf3785adaa67c80cd7a32c1bcc46     2185379                True                           True         23873
      full 66975d1a857e27e2c28bfdffccd3b34ed7853fd5494ec6cd9c17339e5bb9b8e8     2184243                True                           True         25274
No hard or behavioural sanity warnings were triggered.
Non-gating diagnostic notes:
 - Full policy has lower mean in-sample objective reward than the pretrained policy.
No-holdout diagnostics written to /gabirel/copula-portfolio-clean/data/no_vine_rl_runs_secondary_v3/seed_20260848/sanity_no_holdout

No-holdout sanity check complete: 61 training-prefix trajectories, 24 steps each.
Outputs: /gabirel/copula-portfolio-clean/data/no_vine_rl_runs_secondary_v3/seed_20260848/sanity_no_holdout

[5/5] Training seed 20260850
Reusing cryptographically attested completed training for seed 20260850; training is not rerun.
       model  episodes  steps  unique_calendar_decisions  return_replication_error  all_values_finite  mean_terminal_wealth  median_terminal_wealth  q05_terminal_wealth  q95_terminal_wealth  min_terminal_wealth  max_terminal_wealth  mean_episode_reward  mean_max_drawdown  worst_max_drawdown  mean_turnover  median_turnover  q95_turnover  mean_cvar  mean_gross_exposure  max_gross_exposure  fraction_at_gross_cap  max_net_exposure_error  gross_exposure_violation  long_weight_violation  short_weight_violation  fraction_steps_with_short  mean_short_notional  mean_leverage_gate  q95_leverage_gate  std_leverage_gate  mean_effective_leverage  gate_gross_mae  fraction_at_position_cap  mean_direction_entropy  mean_normalized_direction_entropy  q05_normalized_direction_entropy  mean_effective_positions  max_abs_weight  fraction_concentrated_weight  mean_cross_asset_weight_sd  apparent_expost_top_hit_rate  apparent_expost_bottom_hit_rate  mean_cross_sectional_weight_next_return_correlation  hard_constraints_pass
equal_weight        61   1464                         84                       0.0               True         117088.223676           112671.189945         93818.243215        143894.904551         90117.178674        158181.950078             0.037143          -0.133784           -0.174129       0.000000         0.000000      0.000000   0.073652             1.000000            1.000000                    0.0            0.000000e+00                       0.0                    0.0                     0.0                        0.0             0.000000                 NaN                NaN                NaN                 0.000000             NaN                       0.0                     NaN                                NaN                               NaN                  7.000000        0.142857                           0.0                2.997945e-17                           NaN                              NaN                                                  NaN                   True
  pretrained        61   1464                         84                       0.0               True         130810.161576           131068.978647        109998.179118        156343.133942        105098.104778        161656.094464             0.155100          -0.111514           -0.179582       0.408331         0.309415      1.243964   0.059208             1.399312            1.428874                    0.0            2.220446e-16                       0.0                    0.0                     0.0                        1.0             0.199656            0.798624           0.826457           0.016586                 0.798624    6.072281e-08                       0.0                0.980102                           0.851306                          0.783607                  4.018754        0.593050                           0.0                2.410203e-01                      0.202381                         0.154762                                             0.088204                   True
        full        61   1464                         84                       0.0               True         143590.286534           135235.450601        110782.735092        188726.096250        108338.337118        200707.492119             0.209016          -0.086963           -0.111434       0.476042         0.397673      1.195550   0.061032             1.400965            1.426871                    0.0            2.220446e-16                       0.0                    0.0                     0.0                        1.0             0.200482            0.801929           0.824473           0.014637                 0.801929    5.957120e-08                       0.0                1.020369                           0.886281                          0.836875                  4.237052        0.593097                           0.0                2.316791e-01                      0.226190                         0.226190                                             0.143885                   True
Checkpoint integrity:
     model                                                           sha256  size_bytes  architecture_match  all_checkpoint_tensors_finite  update_count
pretrained dc6d0925f668c8eb7456cd024a244ae1ff923001c53b85a5812e092ca194bd03     2185379                True                           True         23873
      full aeec9079ccb11b8ba7a36644c129a990f97070bf63e9ff26b99b4c0b6d83103d     2184243                True                           True         25274
No hard or behavioural sanity warnings were triggered.
No-holdout diagnostics written to /gabirel/copula-portfolio-clean/data/no_vine_rl_runs_secondary_v3/seed_20260850/sanity_no_holdout

No-holdout sanity check complete: 61 training-prefix trajectories, 24 steps each.
Outputs: /gabirel/copula-portfolio-clean/data/no_vine_rl_runs_secondary_v3/seed_20260850/sanity_no_holdout
Warning messages:
1: In readLines(con, warn = readLines.warn) :
  incomplete final line found on '/gabirel/copula-portfolio-clean/data/no_vine_rl_runs_secondary_v3/seed_20260842/sanity_no_holdout/sanity_report.json'
2: In readLines(con, warn = readLines.warn) :
  incomplete final line found on '/gabirel/copula-portfolio-clean/data/no_vine_rl_runs_secondary_v3/seed_20260844/sanity_no_holdout/sanity_report.json'
3: In readLines(con, warn = readLines.warn) :
  incomplete final line found on '/gabirel/copula-portfolio-clean/data/no_vine_rl_runs_secondary_v3/seed_20260846/sanity_no_holdout/sanity_report.json'
4: In readLines(con, warn = readLines.warn) :
  incomplete final line found on '/gabirel/copula-portfolio-clean/data/no_vine_rl_runs_secondary_v3/seed_20260848/sanity_no_holdout/sanity_report.json'
5: In readLines(con, warn = readLines.warn) :
  incomplete final line found on '/gabirel/copula-portfolio-clean/data/no_vine_rl_runs_secondary_v3/seed_20260850/sanity_no_holdout/sanity_report.json'

No-holdout gate passed for 5/5 seeds.
Worker shard completed with every assigned seed passing; enforce the preregistered minimum after merging all shard status files.
